    Building x86_64 (x86_64-linux-android)
   Compiling bevy_ecs v0.19.0
   Compiling naga v29.0.4
   Compiling swash v0.2.10
   Compiling parley v0.9.0
   Compiling gltf-json v1.4.1
   Compiling tinyvec v1.12.0
   Compiling jni v0.21.1
   Compiling taffy v0.10.1
   Compiling winit v0.30.13
   Compiling cpal v0.17.3
   Compiling num-bigint v0.4.8
   Compiling ogg v0.8.0
   Compiling num-derive v0.4.2
   Compiling base64 v0.22.1
   Compiling cursor-icon v1.2.0
   Compiling dasp_sample v0.11.0
   Compiling gltf v1.4.1
   Compiling dpi v0.1.2
   Compiling gilrs v0.11.2
   Compiling percent-encoding v2.3.2
   Compiling lewton v0.10.2
   Compiling num-rational v0.4.2
   Compiling gilrs-core v0.6.8
   Compiling vec_map v0.8.2
   Compiling fnv v1.0.7
   Compiling rodio v0.22.2
   Compiling accesskit_winit v0.32.2
   Compiling bevy_scene_macros v0.19.0
   Compiling approx v0.5.1
   Compiling bevy_state_macros v0.19.0
   Compiling wgpu-naga-bridge v29.0.4
   Compiling wgpu-hal v29.0.4
   Compiling naga_oil v0.22.0
   Compiling wgpu-core-deps-windows-linux-android v29.0.4
   Compiling wgpu-core v29.0.4
   Compiling bevy_app v0.19.0
   Compiling bevy_time v0.19.0
   Compiling bevy_diagnostic v0.19.0
   Compiling bevy_asset v0.19.0
   Compiling bevy_transform v0.19.0
   Compiling bevy_input v0.19.0
   Compiling bevy_log v0.19.0
   Compiling wgpu v29.0.4
   Compiling bevy_mesh v0.19.0
   Compiling bevy_image v0.19.0
   Compiling bevy_shader v0.19.0
   Compiling bevy_clipboard v0.19.0
   Compiling bevy_a11y v0.19.0
   Compiling bevy_window v0.19.0
   Compiling bevy_material v0.19.0
   Compiling bevy_text v0.19.0
   Compiling bevy_camera v0.19.0
   Compiling bevy_animation v0.19.0
   Compiling bevy_gizmos v0.19.0
   Compiling bevy_picking v0.19.0
   Compiling bevy_render v0.19.0
   Compiling bevy_light v0.19.0
   Compiling bevy_sprite v0.19.0
   Compiling bevy_input_focus v0.19.0
   Compiling bevy_world_serialization v0.19.0
   Compiling bevy_gltf v0.19.0
   Compiling bevy_ui v0.19.0
   Compiling bevy_core_pipeline v0.19.0
   Compiling bevy_winit v0.19.0
   Compiling bevy_ui_widgets v0.19.0
   Compiling bevy_scene v0.19.0
   Compiling bevy_sprite_render v0.19.0
   Compiling bevy_pbr v0.19.0
   Compiling bevy_post_process v0.19.0
   Compiling bevy_anti_alias v0.19.0
   Compiling bevy_ui_render v0.19.0
   Compiling bevy_audio v0.19.0
   Compiling bevy_gilrs v0.19.0
   Compiling bevy_state v0.19.0
   Compiling bevy_gizmos_render v0.19.0
   Compiling bevy_internal v0.19.0
   Compiling bevy v0.19.0
   Compiling bevy_android_poc v0.1.0 (/home/tungdvs/projects/goat-rust/spikes/003-bevy-android)
error: linking with `/home/tungdvs/.cargo/bin/cargo-ndk` failed: exit status: 1
  |
  = note:  "/home/tungdvs/.cargo/bin/cargo-ndk" "-Wl,--version-script=/home/tungdvs/projects/goat-rust/spikes/003-bevy-android/target/x86_64-linux-android/release/deps/rustcKkLurZ/list" "-Wl,--no-undefined-version" "-m64" "/home/tungdvs/projects/goat-rust/spikes/003-bevy-android/target/x86_64-linux-android/release/deps/rustcKkLurZ/symbols.o" "<17 object files omitted>" "-Wl,--as-needed" "-Wl,-Bstatic" "/home/tungdvs/projects/goat-rust/spikes/003-bevy-android/target/x86_64-linux-android/release/deps/{libbevy-0e00af37386d8e1d,libbevy_internal-e252dc8a6cdc03b3,libbevy_winit-9d8ed3a614486f09,libapprox-620d8f9a7189a884,libaccesskit_winit-719ab1ed9ea01df8,libwinit-951ad8b446bef4db,libcursor_icon-e39be6e9dd83d37d,libdpi-8910309f9ffc5436,libbevy_ui_widgets-1b9596d3942c35c7,libbevy_ui_render-cc5dd356651b04e3,libbevy_ui-15acc32f97627d66,libtaffy-2698a3360d7fa831,libgrid-50a823ec74e18008,libbevy_state-09d2d11f4d14c699,libbevy_scene-2a9726f951eaa56f,libbevy_post_process-da6ff99529a15ce3,libbevy_input_focus-d2e472069bed3737,libbevy_gizmos_render-d29cceeedca54874,libbevy_sprite_render-4ddf397a694dfdcb,libbevy_sprite-749d66c96cd108de,libradsort-2fd5f15d1a23638d,libbevy_text-74d7e596a0f817a9,libswash-4bf26a1db797f749,libyazi-ed74f2d820ae9f55,libskrifa-cd608dcaa729785f,libread_fonts-59664345abfa7e53,libfont_types-a2c0a2b8a0ea7073,libzeno-b533dc6e277397cc,libparley-b10c254a52c68a68,libskrifa-a679c213815282a2,libharfrust-a121db5b02693afb,libparley_data-2096931065ff2919,libicu_segmenter-d2a8934dbf6b9f3d,libicu_locale-3dfcfcdc6b1e27b0,libicu_locale_data-17d0595d6a9fb7f8,libicu_segmenter_data-675f47cbfe6faddc,libicu_properties-fbdc5423d3116b05,libicu_properties_data-c89d3051e06297f8,libicu_normalizer-6e759986c16d7c3d,libicu_normalizer_data-619d0c1c89956930,libicu_collections-ce27a544ff624695,libutf8_iter-7fc71346776f7973,libpotential_utf-be1b9f446f97dc69,libicu_provider-eaf9ae156cc2c963,libicu_locale_core-f7448e708e97c35b,libtinystr-2c40176d27ee67aa,liblitemap-3dde037314af4917,libwriteable-7400946e80c7d96b,libzerovec-730dc9a7eac173ac,libzerotrie-46370d98f5214996,libyoke-13871b9c634a9592,libstable_deref_trait-db289f274f9acedb,libzerofrom-4d5eb7ea383e536e,libfontique-7bfc0350f9540757,libmemmap2-85a74b867e45fc7a,liblinebender_resource_handle-d2173f543a6e96f5,libread_fonts-aab60101161015c1,libfont_types-110ee06917a8edfe,libparlance-785626e0b1b83b24,libbevy_picking-9ac9ec5dd42cabb8,libbevy_pbr-97031e2d2c656847,libbevy_gltf-26bd8ae88e154ccd,libpercent_encoding-8ca8a0e3eb09600a,libbase64-591b969b0350a894,libgltf-90461bfcdb86a60b,libgltf_json-b0ccb460eb11bf0f,libserde_json-29416a3a8ea2c29a,libitoa-226d3d85d4c88d6d,libzmij-576a8833a66fd501,libbevy_world_serialization-168fc91ed8ed09d7,libbevy_gilrs-05365759ded2dc4b,libgilrs-422d17c1c632b85b,libvec_map-682abb70d06d7f0e,libfnv-ba6e8f1ad2674b50,libgilrs_core-39aadfa30119355b,libbevy_clipboard-5f8aab95a9b8b1ef,libbevy_audio-2310c65f199b7bbd,librodio-1f3c01bfff9bd6b6,liblewton-f41c7035cf837ae6,libogg-1f6253039c706543,libtinyvec-244695f60c4eb1e9,libtinyvec_macros-5c7477b5499e4292,libbyteorder-12920b93e5bae68e,libnum_rational-5bed42f35bc38c26,libnum_bigint-a78d2151198a2184,libnum_integer-5a05b3c06bab7533,libcpal-f3636984269ebbfd,libdasp_sample-dcccd1b3fcc84088,libjni-c5ed3dca4d25e998,libcesu8-c8f73d3539e3ebab,libbevy_anti_alias-e7c396df570ccdab,libbevy_core_pipeline-e28256ea5e3df342,libbevy_light-dd259f84c23a644c,libbevy_gizmos-ff54d092cee207e0,libbevy_render-8a6c28d25401a2d1,liboffset_allocator-a22e0bdf5b8dc4df,libweak_table-e2b9796cb1edb060,libwgpu-c98a16e278a3af98,libstatic_assertions-e53dbb7a78d66c56,libwgpu_core-d2e497d0ff97dfaf,libwgpu_hal-0de79b00542806ab,librenderdoc_sys-47fef75d6a1bae0b,libandroid_system_properties-4b49f81d92139a10,libgpu_allocator-48645c7a4085e633,libpresser-54438771921c6149,libprofiling-0d26139436b6b1e5,libordered_float-2ca42e88153b636f,libgpu_descriptor-be1bc6f468da7160,libgpu_descriptor_types-a7465a461e585179,libparking_lot-5eb37fc1ccdafe49,libparking_lot_core-7b4fd68a929783fe,liblock_api-ecb583c1fb79c8f6,libscopeguard-9d127e1e5e61b7e5,libash-7d0c326e91748f91,liblibloading-98d2ec9d3fa06012,libbevy_log-2878bb76ced4eb9e,libandroid_log_sys-4f2f5f7094e1c436,libtracing_subscriber-f141a8a6ccf38e69,libsharded_slab-26be6c323c13d211,liblazy_static-e8ec61409e4a3f2c,libmatchers-5698ed32809b9d88,libnu_ansi_term-1ea57d42881cbf10,libtracing_log-370ce51f9dc4dd9e,libbevy_material-f90f69405865adbc,libbevy_shader-e95aa8ab21d3ef40,libwgpu_naga_bridge-c38b9e40e2dc67de,libnaga_oil-f38fb60b9a10d91b,libdata_encoding-b100a4f1719e7eff,libcodespan_reporting-354b4b584ee808aa,libregex-116530bbc5ada986,libregex_automata-c59a275b4a59d3c0,libaho_corasick-df58e239c31b9579,libregex_syntax-0df159b0ae053dfa,libnaga-463ab7c303e8347e,librustc_hash-90d7f5ffd9a5747f,liblibm-650fdf9333e7f098,libhexf_parse-8a6ba4fe75dd8252,libbit_set-75f29c2bb06d3e36,libbit_vec-5ab63957a5c00ca8,libcodespan_reporting-51091b9108955a7d,libunicode_width-9d9deec16bab45f7,libtermcolor-8f179f7c911fc5c1,libspirv-54c2c2403203ed1e,libbevy_camera-9d6e2b5ca1c61d5d,libbevy_window-ef8b334f51effcad,libbevy_input-00c3e51bf24a3db3,libbevy_image-3eb067326f6b0615,libruzstd-31bc39af5edaded7,libtwox_hash-a8b4954408662c2f,librectangle_pack-7446736d2fca3190,libktx2-fb05c1a1a7b170ba,libimage-f3e65cacdc74b515,libbyteorder_lite-f6458219f3e7043c,libmoxcms-c11413e52aad5222,libpxfm-de47140ccf750c4d,libpng-77fc6cb2d0b183b8,libflate2-a608820850ba5ad4,libminiz_oxide-91194c30953eb693,libfdeflate-d761f7b593de4766,libsimd_adler32-5c96d139b21a4112,libcrc32fast-d45306a1d98b856a,libguillotiere-b67cda87f933c421,libsvg_fmt-074244eeaa444a28,libeuclid-1cc0dea4b31a0f8c,libbevy_animation-9015640f971061f7,libbevy_mesh-b8fb422bbad14986,libhalf-a4294194dbb1fd9f,libzerocopy-ca9204ba3266679f,libbevy_mikktspace-8f740759b2811394,libhexasphere-3d57f3ffbfa4b123,libconstgebra-94944214607ffb02,libconst_soft_float-faab5cf338b535af,libbevy_asset-9533fdd5a50571af,libblake3-d2883bc17fbae5e6,libconstant_time_eq-0716c7bb1e802aed,libcpufeatures-8470354e82a99954,libarrayref-f11aea293e523e3a,libbevy_diagnostic-e429485d6a72dfa6,libsysinfo-ea6802ccb57046d9,libbevy_time-8ef802606bc4ab9b,libconst_fnv1a_hash-03ef5045c0a04438,libasync_broadcast-a08847efd3554800,libcrossbeam_channel-8c4fffb92626fdd0,libron-2bf1a37c00375f70,libunicode_ident-265e12b0125753c4,libstackfuture-23aea8a3dc33c1cd,libatomicow-6b7d7d02ad016468,libtracing-271794806e464d84,libtracing_core-20695ba2aef82d15,libonce_cell-41fdc46ce9aebdde,libfutures_util-f29a1037afa3d39d,libfutures_task-eb3d3d048c49d875,libasync_io-147aef23355de685,libpolling-c30a3b1678a4402b,librustix-7c4a092aa5212efb,liberrno-6718aee9c382ee07,liblinux_raw_sys-0e85d699dc215562,libasync_fs-63c047b4656f12cf,libblocking-143ea57989d63047,libpiper-4d38370e423d2356,libatomic_waker-12ab8938361469b5,libasync_lock-863a754e30cc1c7f,libbevy_transform-194f90297cc15690,libbevy_color-b32f478f22fd1bd1,libbevy_math-ff227b20a69dfa01,librand_distr-6b4361472b886d6b,libnum_traits-63544b5bcdf41817,libitertools-b1b9dcfebe939f7d,libeither-0c9ffecfc3c7dbae,libbevy_android-bc6b08e9f0e10a9a,libandroid_activity-2bfc355ccaddbf3f,libandroid_properties-a999d1de79470fcb,libndk_context-671c58fc567b054e,libndk-4735ecb5724710ea,libndk_sys-5bbdeab24291838f,libthiserror-920fc88cea49e36c,libjni_sys-043bf37e82f7d7f9,libnum_enum-94bead94510dc241,libjni-6d10e255378ce160,libsimd_cesu8-b9762c1a3414d40d,libsimdutf8-5d0155ce3a91a71f,libcombine-be8c4b29d1bf4753,libmemchr-fd8e6eadc66cdcdc,libbytes-9078a7dbcd53d5f3,libjni_sys-f9c420685d6f56fa,libbevy_a11y-eeb5c89218161b3a,libaccesskit-437d42443dd08bfa,libbevy_app-e56df2c81c9692e2,libctrlc-eebc6ef55c021131,libnix-4d8a5548fd99c586,libbevy_ecs-3d4fca51b851e250,libslotmap-c8e11bb1e2776024,libbevy_tasks-29bae27af82098f7,libasync_executor-4a6ea19703136df8,libslab-f6340cbef1f7d561,libasync_task-4ae488ac4964a356,libarrayvec-151178a832c70709,libbevy_reflect-5e37f0f24e7fd511,libwgpu_types-fb137a7cdb1767be,libraw_window_handle-25d9cf004361853d,liblog-3f428e763b0c5524,libbitflags-b084ebe5fe25122a,libuuid-d98b78279d73f4a4,libgetrandom-f5405777f10e5b70,liblibc-c35be317ba1f7aa7,libsmol_str-b1c5bf5f75a57df4,libpetgraph-688eed5d1a2e347e,libhashbrown-9456d3c68f0acf03,libfoldhash-10fa5ecd57d81d51,libfixedbitset-624833e99e0c209f,libinventory-9324829f755afced,liberased_serde-cb6af868eddf6b46,libtypeid-ed1b154819de0fbc,libsmallvec-9dbd3e636e3f0b11,libglam-a6e77b94a041aac8,librand-bf754ed964abc30b,librand_core-c8a368de75a5a7c9,libbytemuck-6841ec294fb59125,libencase-af74d43b1bdf4163,libconst_panic-3778d6736c0f4b04,libtypewit-e6d669548d9e3a64,libdowncast_rs-32134bc3dc3b0295,libderive_more-6f5b474cfc259895,libthiserror-ddf1bb3f4ca29580,libbumpalo-f14d1ca64c238b03,libbevy_utils-73578da870ccfa03,libthread_local-e99542e9893836fb,libcfg_if-4ff9f2b5201a6067,libasync_channel-adcb8fce3e402276,libevent_listener_strategy-1a9527abe2219ec6,libevent_listener-9b168467a10b57e8,libconcurrent_queue-e9a49ae026c13de8,libcrossbeam_utils-0a1fe95dd51578ff,libindexmap-7138ca89ffde7c3d,libhashbrown-0d2b7f8f7c92702a,libdisqualified-09d3ca0c88180352,libbevy_ptr-35a54cb96e28a42f,libnonmax-326abe0c1895b819,libbevy_platform-49c2c20835c99ee5,libserde-a36da7e8cd3d0ab7,libhashbrown-ee5fddad69503731,libequivalent-6b7adea87e595ddf,libserde_core-c8a0d4e9c7740733,liballocator_api2-45a3cdb641da00e3,libfutures_lite-0ff0ce505919f208,libfutures_io-08251db93dc93708,libfutures_core-c35cfe6d346f55ec,libparking-b30e74415f4bc85d,libpin_project_lite-0626ae8c533d0467,libfastrand-cd9db37d60951cad,libfoldhash-0238a40b3a2d8f95}.rlib" "<sysroot>/lib/rustlib/x86_64-linux-android/lib/{libstd-*,libpanic_unwind-*,libobject-*,libmemchr-*,libaddr2line-*,libgimli-*,libcfg_if-*,librustc_demangle-*,libstd_detect-*,libhashbrown-*,librustc_std_workspace_alloc-*,libminiz_oxide-*,libadler2-*,libunwind-*,liblibc-*,librustc_std_workspace_core-*,liballoc-*,libcore-*,libcompiler_builtins-*}.rlib" "-Wl,-Bdynamic" "-ldl" "-llog" "-landroid" "-laaudio" "-ldl" "-llog" "-lunwind" "-ldl" "-lm" "-lc" "-L" "/home/tungdvs/projects/goat-rust/spikes/003-bevy-android/target/x86_64-linux-android/release/deps/rustcKkLurZ/raw-dylibs" "-Wl,--eh-frame-hdr" "-Wl,-z,noexecstack" "-L" "/home/tungdvs/projects/goat-rust/spikes/003-bevy-android/target/x86_64-linux-android/release/build/blake3-7459df71d17fade8/out" "-o" "/home/tungdvs/projects/goat-rust/spikes/003-bevy-android/target/x86_64-linux-android/release/deps/libbevy_android_poc.so" "-Wl,--gc-sections" "-shared" "-Wl,-z,relro,-z,now" "-Wl,-O1" "-Wl,--strip-debug" "-nodefaultlibs"
  = note: some arguments are omitted. use `--verbose` to show all linker arguments
  = note: ld.lld: error: unable to find library -laaudio
          clang: error: linker command failed with exit code 1 (use -v to see invocation)
          

error: could not compile `bevy_android_poc` (lib) due to 1 previous error
note: If the build failed due to a missing target, you can run this command:
note: 
note:     rustup target install x86_64-linux-android
