MATCH — Striker (OVR 64) vs Rivals FC (str 78)   seed 7

   5'  They circulate patiently, probing your midfield shape.
  11'  They circulate patiently, probing your midfield shape.
  15'  The ball drops to you on the edge of their area.
  23'  They mass bodies on the edge of your box, looking for the shot.
  29'  You receive with your back to goal, a defender tight on you.
        → Perfect delivery — your teammate finishes it off! *** GOAL! ***

  32'  A gap splits their centre-backs and a runner darts into it.
        → Turnover — and they're breaking at pace! ✗

  32'  A cross is whipped in toward your six-yard area.
        → Crunching tackle — and you've started a break! ✓

  32'  A lane opens through the centre of the pitch.
        → You glide past him into acres of space. ✓

  32'  A gap splits their centre-backs and a runner darts into it.
        → Clinical — buried beyond the keeper. GOAL!

  37'  A gap splits their centre-backs and a runner darts into it.
        → Simple and safe — possession retained. ✓

  45'  You receive with your back to goal, a defender tight on you.
        → Dragged wide of the far post. ✗

  51'  They pour forward and load the edge of your box.
  59'  Play bunches on one flank — the far side is wide open.
  66'  The ball drops to you on the edge of their area.
        → A stinging shot — the keeper parries it back into danger. ✓

  66'  The ball drops to you on the edge of their area.
        → Simple and safe — possession retained. ✓

  70'  The ball drops to you on the edge of their area.
  75'  They mass bodies on the edge of your box, looking for the shot.
  78'  Late in the game and chasing it — everyone piles forward.
  83'  The ball drops to you on the edge of their area.
        → It squirms through a forest of legs — GOAL!

  88'  A cross is whipped in toward your six-yard area.
  90'  The ball drops to you on the edge of their area.
        → Clinical — buried beyond the keeper. GOAL!

  90'  Late in the game and chasing it — everyone piles forward.
        → It squirms through a forest of legs — GOAL!

  90'  They mass bodies on the edge of your box, looking for the shot.
  ────────────────────────────────────────────────────
  FULL TIME  5-0  WIN   |   your rating 100   goals 5   cards 0Y

════════════════════════════════════════════════════════════

MATCH — Striker (OVR 61) vs Rivals FC (str 90)   seed 11

   5'  They pour forward and load the edge of your box.
  10'  A gap splits their centre-backs and a runner darts into it.
        → The shot is charged down at source. ✗

  13'  You receive with your back to goal, a defender tight on you.
        → The shot is charged down at source. ✗

  16'  A gap splits their centre-backs and a runner darts into it.
  23'  A gap splits their centre-backs and a runner darts into it.
  31'  A gap splits their centre-backs and a runner darts into it.
        → Simple and safe — possession retained. ✓

  39'  The ball drops to you on the edge of their area.
  42'  The ball drops to you on the edge of their area.
        → The pass splits them open — chance developing. ✓

  42'  The ball drops to you on the edge of their area.
        → A heavy touch lets him off the hook. ✗

  46'  You receive with your back to goal, a defender tight on you.
  53'  Their forward spins in behind your defensive line.
  60'  A cross is whipped in toward your six-yard area.
  67'  Level score, final minutes — one chance will settle it.
  73'  A cross is whipped in toward your six-yard area.
  79'  Level score, final minutes — one chance will settle it.
  86'  The stadium rises. This is the moment the match turns on.
        → It squirms through a forest of legs — GOAL!

  90'  The ball drops to you on the edge of their area.
        → Neat and positive — your side moves up the pitch. ✓

  90'  A gap splits their centre-backs and a runner darts into it.
        → He's clipped you — free kick in a dangerous spot. ✓

  90'  Late in the game and chasing it — everyone piles forward.
        → The pass splits them open — chance developing. ✓

  90'  A gap splits their centre-backs and a runner darts into it.
        → The pass splits them open — chance developing. ✓

  90'  A gap splits their centre-backs and a runner darts into it.
        → Simple and safe — possession retained. ✓

  90'  A gap splits their centre-backs and a runner darts into it.
  ────────────────────────────────────────────────────
  FULL TIME  1-0  WIN   |   your rating 89   goals 1   cards 0Y

════════════════════════════════════════════════════════════

MATCH — Centre Back (OVR 75) vs Rivals FC (str 80)   seed 21

   6'  The ball comes to you on the flank with room to attack.
        → Simple and safe — possession retained. ✓

  13'  A cross is whipped in toward your six-yard area.
        → Beaten clean — and it ends up in your net. (they score)

  20'  A cross is whipped in toward your six-yard area.
        → He skips past you but drags the shot wide. ✗

  28'  You win it deep and grass opens up ahead of you.
        → Simple and safe — possession retained. ✓

  35'  A cross is whipped in toward your six-yard area.
  41'  Their forward spins in behind your defensive line.
        → You read it early — interception, and away you go. ✓

  41'  You win it deep and grass opens up ahead of you.
        → A stinging shot — the keeper parries it back into danger. ✓

  41'  You win it deep and grass opens up ahead of you.
        → A stinging shot — the keeper parries it back into danger. ✓

  41'  You win it deep and grass opens up ahead of you.
        → The pass splits them open — chance developing. ✓

  46'  You receive with your back to goal, a defender tight on you.
  49'  Space invites you to carry the ball out of defence.
        → The pass is picked off. ✗

  55'  Isolated out wide: just you and their full-back.
  59'  Isolated out wide: just you and their full-back.
  65'  A cross is whipped in toward your six-yard area.
  68'  Your team knocks it around midfield, looking for a gap.
  76'  The ball comes to you on the flank with room to attack.
  81'  The stadium rises. This is the moment the match turns on.
  85'  The stadium rises. This is the moment the match turns on.
  90'  Their forward spins in behind your defensive line.
        → He skips past you but drags the shot wide. ✗

  90'  Space invites you to carry the ball out of defence.
        → Neat and positive — your side moves up the pitch. ✓

  90'  They pour forward and load the edge of your box.
        → You mop up the loose ball and set the tempo. ✓

  90'  The stadium rises. This is the moment the match turns on.
        → A towering header clears the danger. ✓

  90'  Your team knocks it around midfield, looking for a gap.
  ────────────────────────────────────────────────────
  FULL TIME  0-1  LOSS   |   your rating 70   goals 0   cards 0Y

════════════════════════════════════════════════════════════

MATCH — Central Mid (OVR 74) vs Rivals FC (str 80)   seed 33

   8'  You receive with your back to goal, a defender tight on you.
  13'  Play bunches on one flank — the far side is wide open.
        → The pass splits them open — chance developing. ✓

  13'  You receive with your back to goal, a defender tight on you.
        → Clinical — buried beyond the keeper. GOAL!

  20'  A cross is whipped in toward your six-yard area.
  27'  Play bunches on one flank — the far side is wide open.
  30'  Play bunches on one flank — the far side is wide open.
        → The pass splits them open — chance developing. ✓

  30'  A gap splits their centre-backs and a runner darts into it.
        → The pass splits them open — chance developing. ✓

  30'  A gap splits their centre-backs and a runner darts into it.
        → Dispossessed — the move breaks down. ✗

  37'  The ball comes to you on the flank with room to attack.
  41'  They pour forward and load the edge of your box.
  48'  Your team knocks it around midfield, looking for a gap.
  56'  A lane opens through the centre of the pitch.
  59'  A lane opens through the centre of the pitch.
  63'  Play bunches on one flank — the far side is wide open.
        → The shot is charged down at source. ✗

  68'  Play bunches on one flank — the far side is wide open.
  72'  Their midfielder takes a heavy touch — a pressing cue.
        → You read it early — interception, and away you go. ✓

  72'  Your team knocks it around midfield, looking for a gap.
        → Dragged wide of the far post. ✗

  79'  The stadium rises. This is the moment the match turns on.
        → Dispossessed — the move breaks down. ✗

  84'  Closing minutes, lead to protect — they throw everything at you.
  88'  They circulate patiently, probing your midfield shape.
        → He skips past you but drags the shot wide. ✗

  90'  They're trying to thread balls through your zone.
        → You throw your body in the way — blocked! ✓

  90'  The stadium rises. This is the moment the match turns on.
        → Dispossessed — the move breaks down. ✗

  90'  Your team knocks it around midfield, looking for a gap.
  ────────────────────────────────────────────────────
  FULL TIME  1-0  WIN   |   your rating 77   goals 1   cards 1Y

════════════════════════════════════════════════════════════

MATCH — Attacking Mid (OVR 74) vs Rivals FC (str 80)   seed 45

   8'  They circulate patiently, probing your midfield shape.
  13'  Play bunches on one flank — the far side is wide open.
  17'  Isolated out wide: just you and their full-back.
  22'  Their striker shapes to shoot from twelve yards.
        → He's pulled you out of shape — gap behind you now. ✗

  25'  Space invites you to carry the ball out of defence.
  28'  Their striker shapes to shoot from twelve yards.
        → He's pulled you out of shape — gap behind you now. ✗

  31'  You win it deep and grass opens up ahead of you.
  38'  Level score, final minutes — one chance will settle it.
  42'  Isolated out wide: just you and their full-back.
        → He's clipped you — free kick in a dangerous spot. ✓

  42'  Isolated out wide: just you and their full-back.
        → Dragged wide of the far post. ✗

  45'  A cross is whipped in toward your six-yard area.
        → You throw your body in the way — blocked! ✓

  49'  They pour forward and load the edge of your box.
  53'  Your side builds calmly from the back through you.
  56'  A gap splits their centre-backs and a runner darts into it.
        → Clinical — buried beyond the keeper. GOAL!

  60'  A gap splits their centre-backs and a runner darts into it.
  66'  They mass bodies on the edge of your box, looking for the shot.
  71'  A gap splits their centre-backs and a runner darts into it.
  75'  A ball over the top — you're the last line of defence.
        → Crunching tackle — and you've started a break! ✓

  75'  Your team knocks it around midfield, looking for a gap.
        → Neat and positive — your side moves up the pitch. ✓

  80'  The ball comes to you on the flank with room to attack.
  86'  The ball drops to you on the edge of their area.
        → A heavy touch lets him off the hook. ✗

  90'  The stadium rises. This is the moment the match turns on.
        → Crunching tackle — and you've started a break! ✓

  90'  They circulate patiently, probing your midfield shape.
  ────────────────────────────────────────────────────
  FULL TIME  1-0  WIN   |   your rating 88   goals 1   cards 0Y

════════════════════════════════════════════════════════════

MATCH — Winger (OVR 74) vs Rivals FC (str 80)   seed 57

   8'  A lane opens through the centre of the pitch.
  11'  A lane opens through the centre of the pitch.
  18'  The ball drops to you on the edge of their area.
  23'  A runner tears past you toward your corner flag.
        → Beaten clean — and it ends up in your net. (they score)

  30'  Beaten clean — and it ends up in your net.
  33'  Space invites you to carry the ball out of defence.
  41'  Their winger is one-v-one against you on the flank.
        → You shepherd him backwards — attack blunted. ✓

  47'  You reach the byline — teammates are arriving in the box.
  53'  Isolated out wide: just you and their full-back.
        → It squirms through a forest of legs — GOAL!

  56'  The ball comes to you on the flank with room to attack.
        → The pass is picked off. ✗

  61'  They're trying to thread balls through your zone.
  65'  A runner tears past you toward your corner flag.
        → You mop up the loose ball and set the tempo. ✓

  73'  Isolated out wide: just you and their full-back.
        → Dispossessed — the move breaks down. ✗

  77'  The stadium rises. This is the moment the match turns on.
  84'  The ball comes to you on the flank with room to attack.
        → Dragged wide of the far post. ✗

  90'  Their forward spins in behind your defensive line.
  ────────────────────────────────────────────────────
  FULL TIME  1-2  LOSS   |   your rating 51   goals 1   cards 0Y
